src/components/WorkoutHistory.tsx(123,45): error TS7006: Parameter 's' implicitly has an 'any' type.
src/components/WorkoutReview.tsx(21,43): error TS7006: Parameter 'sum' implicitly has an 'any' type.
src/components/WorkoutReview.tsx(21,48): error TS7006: Parameter 'set' implicitly has an 'any' type.
src/components/WorkoutReview.tsx(43,38): error TS7006: Parameter 'sum' implicitly has an 'any' type.
src/components/WorkoutReview.tsx(43,43): error TS7006: Parameter 'set' implicitly has an 'any' type.
src/components/WorkoutReview.tsx(184,21): error TS2353: Object literal may only specify known properties, and 'type' does not exist in type 'WorkoutSet'.
src/components/WorkoutReview.tsx(189,27): error TS7006: Parameter 'prev' implicitly has an 'any' type.
src/components/WorkoutReview.tsx(200,24): error TS7006: Parameter 'set' implicitly has an 'any' type.
src/components/WorkoutReview.tsx(200,29): error TS7006: Parameter 'index' implicitly has an 'any' type.
src/components/WorkoutReview.tsx(206,27): error TS7006: Parameter 'prev' implicitly has an 'any' type.
src/components/WorkoutReview.tsx(206,45): error TS7006: Parameter 's' implicitly has an 'any' type.
src/components/WorkoutReview.tsx(206,48): error TS7006: Parameter 'i' implicitly has an 'any' type.
src/components/WorkoutReview.tsx(209,27): error TS7006: Parameter 'prev' implicitly has an 'any' type.
src/components/WorkoutReview.tsx(209,48): error TS7006: Parameter '_' implicitly has an 'any' type.
src/components/WorkoutReview.tsx(209,51): error TS7006: Parameter 'i' implicitly has an 'any' type.
src/components/WorkoutReview.tsx(264,26): error TS2339: Property 'type' does not exist on type 'WorkoutSet'.
src/components/WorkoutReview.tsx(265,51): error TS2353: Object literal may only specify known properties, and 'type' does not exist in type 'WorkoutSet'.
src/components/WorkoutReview.tsx(289,26): error TS2339: Property 'stroke' does not exist on type 'WorkoutSet'.
src/components/WorkoutReview.tsx(290,51): error TS2353: Object literal may only specify known properties, and 'stroke' does not exist in type 'WorkoutSet'.
src/components/WorkoutReview.tsx(341,76): error TS7053: Element implicitly has an 'any' type because expression of type 'any' can't be used to index type '{ warmup: string; main: string; cooldown: string; drill: string; }'.
src/components/WorkoutReview.tsx(341,91): error TS2339: Property 'type' does not exist on type 'WorkoutSet'.
src/components/WorkoutReview.tsx(342,20): error TS2339: Property 'type' does not exist on type 'WorkoutSet'.
src/components/WorkoutReview.tsx(342,55): error TS2339: Property 'type' does not exist on type 'WorkoutSet'.
src/components/WorkoutReview.tsx(345,18): error TS2339: Property 'stroke' does not exist on type 'WorkoutSet'.
src/components/WorkoutReview.tsx(346,62): error TS2339: Property 'stroke' does not exist on type 'WorkoutSet'.
src/components/WorkoutReview.tsx(350,16): error TS2339: Property 'interval' does not exist on type 'WorkoutSet'.
src/components/WorkoutReview.tsx(351,70): error TS2339: Property 'interval' does not exist on type 'WorkoutSet'.
src/lib/security/enhanced-db-helpers.ts(278,14): error TS2345: Argument of type 'number | null' is not assignable to parameter of type 'number'.
  Type 'null' is not assignable to type 'number'.
